Try_out/price_demand_dataset_10_products.csv
Date,Product_ID,Market_Price,Base_Price,Quantity_Demanded
2024-01-01,4,987.55,625.55,81
2024-01-02,4,997.11,589.11,81
2024-01-03,4,992.1,574.1,84
2024-01-04,4,991.71,671.71,78
2024-01-05,4,1008.28,551.28,79
2024-01-06,4,989.75,677.75,79
2024-01-07,4,1015.51,554.51,78
2024-01-08,4,1007.05,704.05,83
2024-01-09,4,1012.26,557.26,79
2024-01-10,4,984.25,583.25,84
2024-01-11,4,998.65,640.65,82
2024-01-12,4,1027.58,600.58,78
2024-01-13,4,1017.29,691.29,78
2024-01-14,4,995.08,627.08,78
2024-01-15,4,1000.64,676.64,78
2024-01-16,4,1029.74,599.74,79
2024-01-17,4,1000.74,604.74,80
2024-01-18,4,978.62,500.0,80
2024-01-19,4,969.53,645.53,78
2024-01-20,4,953.13,506.13,83
2024-01-21,4,936.78,500.0,82
2024-01-22,4,894.9,500.0,85
2024-01-23,4,906.68,500.0,85
2024-01-24,4,913.45,500.0,79
2024-01-25,4,879.48,500.0,83
2024-01-26,4,908.62,600.62,89
2024-01-27,4,942.24,527.24,82
2024-01-28,4,927.23,500.0,79
2024-01-29,4,950.56,517.56,80
2024-01-30,4,939.1,580.1,88
2024-01-31,4,942.72,500.0,81
2024-02-01,4,926.0,506.0,86
2024-02-02,4,970.29,532.29,82
2024-02-03,4,964.37,500.0,81
2024-02-04,4,966.9,500.0,83
2024-02-05,4,953.14,546.14,78
2024-02-06,4,990.36,583.36,78
2024-02-07,4,1028.1,528.1,78
2024-02-08,4,1060.72,630.72,74
2024-02-09,4,1079.84,704.84,75
2024-02-10,4,1067.35,738.35,78
2024-02-11,4,1083.91,763.91,76
2024-02-12,4,1083.76,628.76,78
2024-02-13,4,1110.01,621.01,75
2024-02-14,4,1132.33,672.33,75
2024-02-15,4,1119.35,657.35,74
2024-02-16,4,1138.3,659.3,72
2024-02-17,4,1151.94,818.94,75
2024-02-18,4,1096.47,756.47,74
2024-02-19,4,1112.49,762.49,75
2024-02-20,4,1103.85,629.85,76
2024-02-21,4,1086.13,705.13,77
2024-02-22,4,1069.27,712.27,74
2024-02-23,4,1066.56,692.56,79
2024-02-24,4,1076.16,592.16,74
2024-02-25,4,1048.86,726.86,79
2024-02-26,4,1052.65,577.65,78
2024-02-27,4,1064.19,637.19,78
2024-02-28,4,1101.42,652.42,73
2024-02-29,4,1079.89,763.89,77
2024-03-01,4,1072.9,704.9,79
2024-03-02,4,1078.13,671.13,76
2024-03-03,4,1101.08,663.08,73
2024-03-04,4,1094.99,701.99,77
2024-03-05,4,1118.97,804.97,74
2024-03-06,4,1080.22,690.22,73
2024-03-07,4,1055.15,593.15,75
2024-03-08,4,1062.13,730.13,76
2024-03-09,4,1033.91,609.91,81
2024-03-10,4,1010.42,695.42,82
2024-03-11,4,999.86,538.86,83
2024-03-12,4,1015.29,650.29,80
2024-03-13,4,977.37,510.37,83
2024-03-14,4,980.78,525.78,79
2024-03-15,4,1001.44,655.44,80
2024-03-16,4,997.54,531.54,81
2024-03-17,4,990.16,500.0,78
2024-03-18,4,998.2,500.0,81
2024-03-19,4,994.36,547.36,84
2024-03-20,4,1022.17,599.17,80
2024-03-21,4,999.94,699.94,82
2024-03-22,4,998.91,500.0,75
2024-03-23,4,1003.02,617.02,83
2024-03-24,4,995.45,568.45,80
2024-03-25,4,938.02,500.0,82
2024-03-26,4,934.81,568.81,83
2024-03-27,4,952.81,649.81,79
2024-03-28,4,968.37,500.0,84
2024-03-29,4,975.47,523.47,81
2024-03-30,4,953.51,607.51,81
2024-03-31,4,961.42,624.42,82
2024-04-01,4,949.95,507.95,85
2024-04-02,4,957.02,500.0,82
2024-04-03,4,959.45,639.45,79
2024-04-04,4,939.92,583.92,84
2024-04-05,4,922.07,506.07,82
2024-04-06,4,929.17,500.0,79
2024-04-07,4,924.75,579.75,87
2024-04-08,4,907.94,500.0,86
2024-04-09,4,889.49,500.0,85
2024-04-10,4,883.41,545.41,85
2024-04-11,4,914.77,500.0,87
2024-04-12,4,904.25,506.25,91
2024-04-13,4,903.97,527.97,86
2024-04-14,4,906.0,500.0,83
2024-04-15,4,883.38,500.0,86
2024-04-16,4,848.13,500.0,88
2024-04-17,4,827.59,500.0,84
2024-04-18,4,832.54,500.0,89
2024-04-19,4,834.28,500.0,89
2024-04-20,4,848.33,500.0,90
2024-04-21,4,850.27,505.27,90
2024-04-22,4,848.07,511.07,88
2024-04-23,4,835.99,500.0,91
2024-04-24,4,853.69,500.0,91
2024-04-25,4,835.3,500.0,88
2024-04-26,4,813.09,500.0,90
2024-04-27,4,824.44,500.0,85
2024-04-28,4,797.77,500.0,87
2024-04-29,4,846.07,517.07,86
2024-04-30,4,847.67,500.0,87
2024-05-01,4,854.63,500.0,85
2024-05-02,4,838.46,500.0,88
2024-05-03,4,832.15,508.15,88
2024-05-04,4,823.62,500.0,91
2024-05-05,4,812.78,500.0,88
2024-05-06,4,825.44,512.44,84
2024-05-07,4,816.45,500.0,89
2024-05-08,4,836.8,500.0,88
2024-05-09,4,890.06,500.0,84
2024-05-10,4,884.15,500.0,86
2024-05-11,4,887.2,505.2,83
2024-05-12,4,894.79,500.0,86
2024-05-13,4,931.02,500.0,89
2024-05-14,4,929.36,500.0,80
2024-05-15,4,912.78,500.0,83
2024-05-16,4,887.46,569.46,84
2024-05-17,4,886.3,500.0,85
2024-05-18,4,877.33,550.33,88
2024-05-19,4,917.53,500.0,85
2024-05-20,4,952.93,582.93,84
2024-05-21,4,932.24,570.24,83
2024-05-22,4,918.02,546.02,81
2024-05-23,4,919.5,500.0,82
2024-05-24,4,947.44,529.44,84
2024-05-25,4,948.58,528.58,83
2024-05-26,4,935.64,617.64,86
2024-05-27,4,934.46,500.0,84
2024-05-28,4,921.89,500.0,82
2024-05-29,4,933.94,514.94,82
2024-05-30,4,919.76,500.0,85
2024-05-31,4,909.55,500.0,86
2024-06-01,4,932.79,572.79,85
2024-06-02,4,917.42,500.0,82
2024-06-03,4,888.5,500.0,83
2024-06-04,4,890.4,561.4,85
2024-06-05,4,883.19,575.19,89
2024-06-06,4,893.42,530.42,84
2024-06-07,4,899.77,500.0,86
2024-06-08,4,899.13,500.0,86
2024-06-09,4,897.91,546.91,87
2024-06-10,4,883.19,500.0,89
2024-06-11,4,884.86,500.0,89
2024-06-12,4,902.49,550.49,84
2024-06-13,4,883.02,500.0,82
2024-06-14,4,882.91,505.91,84
2024-06-15,4,903.68,563.68,85
2024-06-16,4,913.79,500.0,84
2024-06-17,4,939.97,572.97,87
2024-06-18,4,928.61,621.61,84
2024-06-19,4,892.0,591.0,87
2024-06-20,4,896.01,500.0,86
2024-06-21,4,903.26,500.0,84
2024-06-22,4,930.63,521.63,80
2024-06-23,4,954.39,569.39,82
2024-06-24,4,965.13,500.0,88
2024-06-25,4,980.44,561.44,78
2024-06-26,4,976.6,550.6,78
2024-06-27,4,952.22,500.0,86
2024-06-28,4,954.57,639.57,84
2024-06-29,4,974.22,613.22,82
2024-06-30,4,987.35,575.35,83
2024-07-01,4,1004.03,529.03,78
2024-07-02,4,995.47,538.47,80
2024-07-03,4,990.16,679.16,82
2024-07-04,4,999.83,665.83,84
2024-07-05,4,988.9,678.9,78
2024-07-06,4,978.58,615.58,84
2024-07-07,4,984.54,635.54,82
2024-07-08,4,999.76,551.76,80
2024-07-09,4,995.77,627.77,80
2024-07-10,4,972.51,625.51,79
2024-07-11,4,957.79,638.79,84
2024-07-12,4,961.86,561.86,80
2024-07-13,4,965.69,500.0,80
2024-07-14,4,970.52,500.0,83
2024-07-15,4,980.95,520.95,83
2024-01-01,5,1001.58,536.58,79
2024-01-02,5,1023.17,569.17,81
2024-01-03,5,1051.69,737.69,79
2024-01-04,5,1077.85,717.85,78
2024-01-05,5,1067.29,646.29,76
2024-01-06,5,1087.57,767.57,70
2024-01-07,5,1091.8,746.8,78
2024-01-08,5,1126.32,630.32,73
2024-01-09,5,1123.85,690.85,75
2024-01-10,5,1116.72,779.72,78
2024-01-11,5,1104.44,743.44,80
2024-01-12,5,1108.23,723.23,73
2024-01-13,5,1117.56,628.56,74
2024-01-14,5,1127.28,750.28,76
2024-01-15,5,1134.26,789.26,72
2024-01-16,5,1147.69,707.69,71
2024-01-17,5,1143.23,841.23,72
2024-01-18,5,1125.78,820.78,74
2024-01-19,5,1106.59,714.59,74
2024-01-20,5,1126.09,819.09,73
2024-01-21,5,1135.5,664.5,71
2024-01-22,5,1098.38,691.38,77
2024-01-23,5,1120.31,660.31,77
2024-01-24,5,1157.92,783.92,75
2024-01-25,5,1143.6,767.6,72
2024-01-26,5,1150.33,801.33,74
2024-01-27,5,1140.86,830.86,73
2024-01-28,5,1153.42,759.42,71
2024-01-29,5,1130.1,675.1,75
2024-01-30,5,1128.67,759.67,72
2024-01-31,5,1148.3,680.3,72
2024-02-01,5,1173.02,858.02,69
2024-02-02,5,1181.55,814.55,70
2024-02-03,5,1174.76,776.76,72
2024-02-04,5,1142.91,795.91,76
2024-02-05,5,1127.76,644.76,73
2024-02-06,5,1118.38,755.38,72
2024-02-07,5,1104.42,618.42,78
2024-02-08,5,1105.61,716.61,74
2024-02-09,5,1098.77,609.77,72
2024-02-10,5,1102.22,727.22,75
2024-02-11,5,1126.27,688.27,73
2024-02-12,5,1118.14,718.14,79
2024-02-13,5,1090.48,702.48,76
2024-02-14,5,1076.45,759.45,76
2024-02-15,5,1088.12,770.12,74
2024-02-16,5,1101.68,747.68,76
2024-02-17,5,1109.8,708.8,77
2024-02-18,5,1135.82,718.82,74
2024-02-19,5,1132.09,679.09,72
2024-02-20,5,1173.13,740.13,72
2024-02-21,5,1189.5,886.5,70
2024-02-22,5,1139.03,732.03,74
2024-02-23,5,1175.04,761.04,71
2024-02-24,5,1159.7,831.7,71
2024-02-25,5,1139.02,781.02,72
2024-02-26,5,1149.49,725.49,74
2024-02-27,5,1114.73,717.73,74
2024-02-28,5,1100.82,784.82,74
2024-02-29,5,1131.96,725.96,72
2024-03-01,5,1143.09,801.09,74
2024-03-02,5,1159.33,780.33,73
2024-03-03,5,1146.19,653.19,72
2024-03-04,5,1115.43,654.43,73
2024-03-05,5,1129.56,822.56,77
2024-03-06,5,1148.17,708.17,69
2024-03-07,5,1165.87,760.87,73
2024-03-08,5,1170.05,863.05,74
2024-03-09,5,1150.71,755.71,66
2024-03-10,5,1199.46,806.46,72
2024-03-11,5,1209.06,845.06,69
2024-03-12,5,1205.58,735.58,70
2024-03-13,5,1202.19,864.19,69
2024-03-14,5,1205.18,825.18,72
2024-03-15,5,1226.58,740.58,69
2024-03-16,5,1230.37,847.37,69
2024-03-17,5,1247.54,860.54,66
2024-03-18,5,1250.57,865.57,71
2024-03-19,5,1248.32,856.32,68
2024-03-20,5,1261.14,876.14,72
2024-03-21,5,1273.21,930.21,70
2024-03-22,5,1269.82,833.82,63
2024-03-23,5,1254.83,790.83,66
2024-03-24,5,1261.67,888.67,65
2024-03-25,5,1263.23,928.23,67
2024-03-26,5,1252.14,852.14,68
2024-03-27,5,1235.29,780.29,69
2024-03-28,5,1243.5,774.5,70
2024-03-29,5,1254.5,784.5,70
2024-03-30,5,1247.3,778.3,70
2024-03-31,5,1235.7,832.7,67
2024-04-01,5,1219.1,854.1,67
2024-04-02,5,1226.74,872.74,69
2024-04-03,5,1210.66,711.66,70
2024-04-04,5,1255.48,780.48,67
2024-04-05,5,1247.28,857.28,65
2024-04-06,5,1198.77,877.77,71
2024-04-07,5,1198.17,798.17,69
2024-04-08,5,1196.71,742.71,69
2024-04-09,5,1218.94,798.94,69
2024-04-10,5,1224.71,832.71,68
2024-04-11,5,1208.03,714.03,69
2024-04-12,5,1202.3,795.3,67
2024-04-13,5,1208.85,768.85,69
2024-04-14,5,1165.56,693.56,73
2024-04-15,5,1192.33,883.33,71
2024-04-16,5,1175.71,867.71,73
2024-04-17,5,1204.05,723.05,68
2024-04-18,5,1211.9,757.9,67
2024-04-19,5,1224.49,891.49,68
2024-04-20,5,1247.48,819.48,66
2024-04-21,5,1258.94,799.94,66
2024-04-22,5,1272.4,884.4,67
2024-04-23,5,1269.11,877.11,66
2024-04-24,5,1276.55,906.55,64
2024-04-25,5,1264.8,898.8,66
2024-04-26,5,1257.93,810.93,68
2024-04-27,5,1297.23,881.23,66
2024-04-28,5,1281.06,888.06,67
2024-04-29,5,1284.15,822.15,67
2024-04-30,5,1286.42,888.42,65
2024-05-01,5,1280.2,868.2,67
2024-05-02,5,1290.49,888.49,65
2024-05-03,5,1302.29,912.29,65
2024-05-04,5,1283.77,894.77,64
2024-05-05,5,1285.8,969.8,66
2024-05-06,5,1264.15,947.15,68
2024-05-07,5,1279.92,807.92,67
2024-05-08,5,1283.45,868.45,63
2024-05-09,5,1285.1,893.1,66
2024-05-10,5,1298.28,818.28,62
2024-05-11,5,1292.77,902.77,66
2024-05-12,5,1311.05,930.05,63
2024-05-13,5,1292.08,925.08,69
2024-05-14,5,1320.32,828.32,64
2024-05-15,5,1309.3,896.3,66
2024-05-16,5,1275.37,975.37,70
2024-05-17,5,1268.8,911.8,65
2024-05-18,5,1259.96,806.96,68
2024-05-19,5,1253.24,845.24,65
2024-05-20,5,1257.88,810.88,68
2024-05-21,5,1279.83,864.83,70
2024-05-22,5,1276.0,890.0,65
2024-05-23,5,1262.17,953.17,65
2024-05-24,5,1239.64,881.64,68
2024-05-25,5,1230.27,890.27,73
2024-05-26,5,1192.52,788.52,72
2024-05-27,5,1178.01,746.01,69
2024-05-28,5,1202.89,781.89,73
2024-05-29,5,1186.43,694.43,67
2024-05-30,5,1199.0,755.0,74
2024-05-31,5,1174.47,853.47,73
2024-06-01,5,1209.89,812.89,73
2024-06-02,5,1246.65,778.65,64
2024-06-03,5,1258.47,891.47,67
2024-06-04,5,1298.29,802.29,65
2024-06-05,5,1305.41,867.41,63
2024-06-06,5,1320.78,965.78,61
2024-06-07,5,1346.02,868.02,64
2024-06-08,5,1349.61,901.61,64
2024-06-09,5,1318.56,920.56,67
2024-06-10,5,1334.34,959.34,62
2024-06-11,5,1324.9,999.9,63
2024-06-12,5,1316.95,902.95,61
2024-06-13,5,1322.91,876.91,67
2024-06-14,5,1334.24,926.24,63
2024-06-15,5,1337.24,850.24,65
2024-06-16,5,1349.95,851.95,64
2024-06-17,5,1335.82,989.82,66
2024-06-18,5,1334.96,964.96,62
2024-06-19,5,1351.95,898.95,64
2024-06-20,5,1387.4,1048.4,61
2024-06-21,5,1429.93,997.93,63
2024-06-22,5,1438.59,990.59,56
2024-06-23,5,1455.39,1024.39,60
2024-06-24,5,1495.02,1173.02,56
2024-06-25,5,1481.6,1076.6,57
2024-06-26,5,1494.2,1111.2,55
2024-06-27,5,1509.57,1067.57,57
2024-06-28,5,1538.52,1123.52,54
2024-06-29,5,1515.78,1107.78,51
2024-06-30,5,1496.99,1061.99,58
2024-07-01,5,1497.42,1157.42,57
2024-07-02,5,1504.97,1093.97,56
2024-07-03,5,1527.43,1081.43,51
2024-07-04,5,1537.78,1126.78,51
2024-07-05,5,1534.75,1132.75,50
2024-07-06,5,1543.08,1198.08,54
2024-07-07,5,1549.1,1094.1,50
2024-07-08,5,1584.0,1217.0,50
2024-07-09,5,1587.32,1166.32,53
2024-07-10,5,1579.66,1265.66,53
2024-07-11,5,1588.65,1124.65,50
2024-07-12,5,1592.62,1164.62,50
2024-07-13,5,1561.2,1067.2,50
2024-07-14,5,1560.88,1150.88,54
2024-07-15,5,1558.87,1235.87,51
2024-01-01,6,1006.61,594.61,80
2024-01-02,6,956.83,529.83,83
2024-01-03,6,976.39,615.39,80
2024-01-04,6,961.33,624.33,81
2024-01-05,6,933.81,500.0,84
2024-01-06,6,927.02,500.0,84
2024-01-07,6,915.09,500.0,84
2024-01-08,6,936.57,576.57,80
2024-01-09,6,928.17,500.17,85
2024-01-10,6,955.42,500.0,84
2024-01-11,6,962.02,507.02,85
2024-01-12,6,979.91,531.91,82
2024-01-13,6,979.86,558.86,81
2024-01-14,6,1005.31,596.31,78
2024-01-15,6,982.23,670.23,84
2024-01-16,6,984.51,530.51,81
2024-01-17,6,976.58,577.58,82
2024-01-18,6,1004.51,570.51,79
2024-01-19,6,1034.49,713.49,78
2024-01-20,6,1034.5,661.5,80
2024-01-21,6,1008.67,528.67,78
2024-01-22,6,1017.21,586.21,82
2024-01-23,6,983.92,661.92,84
2024-01-24,6,1016.44,598.44,78
2024-01-25,6,1006.98,637.98,78
2024-01-26,6,1006.37,623.37,76
2024-01-27,6,992.75,592.75,78
2024-01-28,6,974.71,591.71,83
2024-01-29,6,989.46,529.46,81
2024-01-30,6,986.29,659.29,82
2024-01-31,6,987.14,552.14,77
2024-02-01,6,967.06,667.06,81
2024-02-02,6,984.18,520.18,84
2024-02-03,6,1003.33,641.33,80
2024-02-04,6,999.16,678.16,77
2024-02-05,6,1024.51,655.51,79
2024-02-06,6,1022.43,598.43,77
2024-02-07,6,1038.03,590.03,79
2024-02-08,6,1005.57,610.57,80
2024-02-09,6,1012.64,550.64,80
2024-02-10,6,1007.21,629.21,77
2024-02-11,6,1010.32,706.32,79
2024-02-12,6,1012.53,653.53,82
2024-02-13,6,1015.05,596.05,77
2024-02-14,6,1027.36,682.36,77
2024-02-15,6,1016.06,539.06,80
2024-02-16,6,1027.44,552.44,79
2024-02-17,6,1052.09,619.09,76
2024-02-18,6,1023.89,668.89,78
2024-02-19,6,1008.27,599.27,81
2024-02-20,6,993.5,507.5,82
2024-02-21,6,971.66,515.66,79
2024-02-22,6,962.17,500.0,83
2024-02-23,6,982.83,579.83,84
2024-02-24,6,1011.78,635.78,79
2024-02-25,6,1013.91,568.91,77
2024-02-26,6,1007.42,706.42,77
2024-02-27,6,1023.48,716.48,79
2024-02-28,6,976.2,602.2,83
2024-02-29,6,955.1,500.0,82
2024-03-01,6,908.66,500.0,85
2024-03-02,6,887.35,550.35,84
2024-03-03,6,872.01,500.0,88
2024-03-04,6,901.56,575.56,83
2024-03-05,6,846.34,527.34,87
2024-03-06,6,838.01,500.0,89
2024-03-07,6,850.4,508.4,83
2024-03-08,6,858.61,500.0,87
2024-03-09,6,887.85,557.85,84
2024-03-10,6,891.07,501.07,85
2024-03-11,6,898.56,538.56,84
2024-03-12,6,861.79,500.0,91
2024-03-13,6,842.02,500.0,87
2024-03-14,6,806.37,500.0,93
2024-03-15,6,817.82,500.0,90
2024-03-16,6,824.79,500.0,87
2024-03-17,6,831.06,500.0,89
2024-03-18,6,813.43,500.0,89
2024-03-19,6,793.98,500.0,91
2024-03-20,6,798.16,500.0,89
2024-03-21,6,784.78,500.0,94
2024-03-22,6,764.37,500.0,94
2024-03-23,6,754.2,500.0,92
2024-03-24,6,740.99,500.0,96
2024-03-25,6,723.65,500.0,94
2024-03-26,6,699.14,500.0,97
2024-03-27,6,708.11,500.0,95
2024-03-28,6,739.23,500.0,94
2024-03-29,6,738.45,500.0,93
2024-03-30,6,742.9,500.0,93
2024-03-31,6,753.63,500.0,93
2024-04-01,6,760.96,500.0,91
2024-04-02,6,744.02,500.0,92
2024-04-03,6,778.42,500.0,91
2024-04-04,6,763.27,500.0,92
2024-04-05,6,776.23,500.0,91
2024-04-06,6,786.84,500.0,93
2024-04-07,6,747.67,500.0,94
2024-04-08,6,740.49,500.0,93
2024-04-09,6,741.62,500.0,96
2024-04-10,6,744.29,500.0,97
2024-04-11,6,750.31,500.0,88
2024-04-12,6,765.47,500.0,94
2024-04-13,6,765.32,500.0,90
2024-04-14,6,772.41,500.0,93
2024-04-15,6,771.51,500.0,94
2024-04-16,6,751.16,500.0,91
2024-04-17,6,751.81,500.0,89
2024-04-18,6,766.79,500.0,93
2024-04-19,6,788.97,500.0,91
2024-04-20,6,799.72,500.0,87
2024-04-21,6,826.4,500.0,94
2024-04-22,6,834.78,500.0,90
2024-04-23,6,852.06,500.0,89
2024-04-24,6,870.81,500.0,89
2024-04-25,6,866.34,500.0,86
2024-04-26,6,880.86,561.86,86
2024-04-27,6,862.05,515.05,84
2024-04-28,6,869.04,500.0,85
2024-04-29,6,880.58,500.0,87
2024-04-30,6,901.6,500.0,82
2024-05-01,6,918.02,509.02,83
2024-05-02,6,939.3,500.0,81
2024-05-03,6,937.31,610.31,83
2024-05-04,6,930.41,500.0,85
2024-05-05,6,924.91,500.0,85
2024-05-06,6,930.23,572.23,85
2024-05-07,6,894.06,500.0,88
2024-05-08,6,920.69,570.69,85
2024-05-09,6,921.57,500.0,88
2024-05-10,6,913.27,602.27,85
2024-05-11,6,862.68,513.68,87
2024-05-12,6,861.94,500.0,88
2024-05-13,6,857.97,500.0,87
2024-05-14,6,840.03,500.0,92
2024-05-15,6,826.57,500.0,91
2024-05-16,6,826.04,500.0,90
2024-05-17,6,814.27,501.27,90
2024-05-18,6,825.71,500.0,88
2024-05-19,6,810.73,500.0,91
2024-05-20,6,813.83,500.0,87
2024-05-21,6,837.43,500.0,91
2024-05-22,6,836.7,500.0,88
2024-05-23,6,843.82,500.0,88
2024-05-24,6,849.67,500.0,86
2024-05-25,6,849.83,500.0,89
2024-05-26,6,848.49,500.0,87
2024-05-27,6,837.06,517.06,89
2024-05-28,6,840.08,500.0,90
2024-05-29,6,834.42,500.0,87
2024-05-30,6,865.34,500.0,84
2024-05-31,6,881.56,500.0,89
2024-06-01,6,852.5,500.0,87
2024-06-02,6,824.56,500.0,89
2024-06-03,6,821.95,500.0,90
2024-06-04,6,814.05,500.0,87
2024-06-05,6,810.38,500.0,90
2024-06-06,6,823.4,500.0,89
2024-06-07,6,829.72,500.0,87
2024-06-08,6,835.83,500.0,86
2024-06-09,6,864.76,561.76,88
2024-06-10,6,836.98,500.0,90
2024-06-11,6,839.06,500.0,88
2024-06-12,6,827.48,500.0,86
2024-06-13,6,856.18,500.0,85
2024-06-14,6,812.0,500.0,89
2024-06-15,6,768.69,500.0,95
2024-06-16,6,774.78,500.0,91
2024-06-17,6,797.31,500.0,89
2024-06-18,6,812.77,500.0,86
2024-06-19,6,796.75,500.0,89
2024-06-20,6,826.88,500.0,86
2024-06-21,6,802.25,500.0,88
2024-06-22,6,828.4,500.0,89
2024-06-23,6,806.42,500.0,89
2024-06-24,6,799.38,500.0,93
2024-06-25,6,812.17,500.0,92
2024-06-26,6,782.84,500.0,90
2024-06-27,6,812.22,500.0,88
2024-06-28,6,805.06,500.0,93
2024-06-29,6,807.81,500.0,93
2024-06-30,6,831.05,500.0,84
2024-07-01,6,815.19,500.0,89
2024-07-02,6,836.41,500.0,88
2024-07-03,6,869.22,500.0,88
2024-07-04,6,856.11,500.0,91
2024-07-05,6,883.49,500.0,85
2024-07-06,6,848.28,536.28,83
2024-07-07,6,856.07,500.0,88
2024-07-08,6,831.5,500.0,91
2024-07-09,6,850.35,500.0,87
2024-07-10,6,867.56,502.56,85
2024-07-11,6,909.11,574.11,84
2024-07-12,6,937.54,500.0,85
2024-07-13,6,934.22,609.22,82
2024-07-14,6,912.58,538.58,85
2024-07-15,6,923.9,500.0,84
