Try_out/price_demand_dataset_10_products.csv
Date,Product_ID,Market_Price,Base_Price,Quantity_Demanded
2024-01-01,7,998.49,640.49,80
2024-01-02,7,1012.52,558.52,80
2024-01-03,7,1002.95,676.95,77
2024-01-04,7,994.33,616.33,78
2024-01-05,7,1010.29,639.29,79
2024-01-06,7,990.55,684.55,81
2024-01-07,7,972.94,500.0,81
2024-01-08,7,947.74,537.74,83
2024-01-09,7,964.72,546.72,83
2024-01-10,7,962.61,500.0,85
2024-01-11,7,936.34,574.34,83
2024-01-12,7,953.42,530.42,85
2024-01-13,7,942.31,631.31,85
2024-01-14,7,924.87,500.0,88
2024-01-15,7,920.96,578.96,84
2024-01-16,7,950.53,634.53,82
2024-01-17,7,942.63,580.63,85
2024-01-18,7,954.14,535.14,83
2024-01-19,7,968.68,633.68,84
2024-01-20,7,977.55,670.55,83
2024-01-21,7,1002.97,634.97,76
2024-01-22,7,988.83,599.83,81
2024-01-23,7,967.96,632.96,82
2024-01-24,7,946.7,619.7,83
2024-01-25,7,943.81,526.81,83
2024-01-26,7,924.87,532.87,81
2024-01-27,7,927.82,500.0,85
2024-01-28,7,929.36,554.36,84
2024-01-29,7,949.73,549.73,85
2024-01-30,7,955.56,500.0,79
2024-01-31,7,947.23,500.0,84
2024-02-01,7,955.45,512.45,82
2024-02-02,7,934.85,621.85,84
2024-02-03,7,934.08,564.08,83
2024-02-04,7,940.47,500.0,84
2024-02-05,7,943.06,520.06,83
2024-02-06,7,951.36,527.36,80
2024-02-07,7,938.48,602.48,83
2024-02-08,7,961.52,633.52,81
2024-02-09,7,997.96,503.96,80
2024-02-10,7,965.91,523.91,75
2024-02-11,7,941.6,500.0,84
2024-02-12,7,942.46,500.0,82
2024-02-13,7,937.33,500.0,80
2024-02-14,7,975.26,657.26,83
2024-02-15,7,979.65,574.65,82
2024-02-16,7,1007.5,687.5,79
2024-02-17,7,966.52,603.52,79
2024-02-18,7,982.8,518.8,81
2024-02-19,7,968.49,642.49,82
2024-02-20,7,953.86,599.86,84
2024-02-21,7,948.89,620.89,82
2024-02-22,7,920.4,500.0,86
2024-02-23,7,929.26,605.26,82
2024-02-24,7,933.07,564.07,81
2024-02-25,7,938.4,576.4,81
2024-02-26,7,956.14,500.0,82
2024-02-27,7,986.43,557.43,81
2024-02-28,7,979.16,530.16,82
2024-02-29,7,988.71,673.71,80
2024-03-01,7,994.57,549.57,82
2024-03-02,7,1002.12,506.12,79
2024-03-03,7,1009.97,528.97,76
2024-03-04,7,1041.78,642.78,78
2024-03-05,7,1032.59,703.59,74
2024-03-06,7,1002.07,658.07,80
2024-03-07,7,988.11,670.11,83
2024-03-08,7,1003.26,670.26,78
2024-03-09,7,1003.73,563.73,83
2024-03-10,7,994.37,524.37,82
2024-03-11,7,972.84,611.84,84
2024-03-12,7,977.27,560.27,82
2024-03-13,7,990.16,591.16,79
2024-03-14,7,996.28,675.28,82
2024-03-15,7,991.21,512.21,79
2024-03-16,7,994.14,515.14,81
2024-03-17,7,996.96,586.96,80
2024-03-18,7,1000.75,537.75,82
2024-03-19,7,977.07,605.07,83
2024-03-20,7,981.01,535.01,81
2024-03-21,7,972.2,635.2,77
2024-03-22,7,993.02,624.02,79
2024-03-23,7,995.67,580.67,82
2024-03-24,7,1012.38,634.38,80
2024-03-25,7,1006.35,522.35,77
2024-03-26,7,1001.03,554.03,76
2024-03-27,7,1030.92,722.92,79
2024-03-28,7,1039.65,708.65,76
2024-03-29,7,1025.35,594.35,77
2024-03-30,7,1043.29,694.29,79
2024-03-31,7,1032.63,651.63,81
2024-04-01,7,1037.14,733.14,77
2024-04-02,7,1073.88,626.88,76
2024-04-03,7,1045.25,659.25,78
2024-04-04,7,1041.73,616.73,78
2024-04-05,7,1049.9,675.9,78
2024-04-06,7,1065.19,601.19,78
2024-04-07,7,1040.37,719.37,77
2024-04-08,7,1009.65,524.65,76
2024-04-09,7,1031.47,664.47,82
2024-04-10,7,1017.06,674.06,81
2024-04-11,7,1001.81,668.81,78
2024-04-12,7,1032.82,656.82,79
2024-04-13,7,1034.21,693.21,80
2024-04-14,7,1035.74,599.74,80
2024-04-15,7,1032.14,627.14,79
2024-04-16,7,1007.66,613.66,79
2024-04-17,7,1021.18,587.18,82
2024-04-18,7,1029.37,662.37,79
2024-04-19,7,1032.74,586.74,77
2024-04-20,7,1030.41,572.41,80
2024-04-21,7,1024.57,597.57,79
2024-04-22,7,1042.82,580.82,79
2024-04-23,7,1039.99,555.99,78
2024-04-24,7,1038.71,654.71,79
2024-04-25,7,1049.31,561.31,76
2024-04-26,7,1053.47,595.47,74
2024-04-27,7,1086.31,704.31,79
2024-04-28,7,1051.08,657.08,78
2024-04-29,7,1057.08,577.08,79
2024-04-30,7,1042.97,711.97,74
2024-05-01,7,1024.13,659.13,81
2024-05-02,7,1014.99,528.99,78
2024-05-03,7,1016.08,601.08,78
2024-05-04,7,1018.06,581.06,79
2024-05-05,7,987.72,558.72,79
2024-05-06,7,976.89,500.0,81
2024-05-07,7,982.52,623.52,81
2024-05-08,7,964.98,648.98,84
2024-05-09,7,942.68,547.68,86
2024-05-10,7,897.56,500.0,88
2024-05-11,7,884.3,569.3,81
2024-05-12,7,861.31,516.31,85
2024-05-13,7,841.63,500.0,83
2024-05-14,7,836.19,500.0,86
2024-05-15,7,824.19,500.0,87
2024-05-16,7,800.87,500.0,91
2024-05-17,7,758.55,500.0,91
2024-05-18,7,764.6,500.0,91
2024-05-19,7,779.66,500.0,91
2024-05-20,7,771.72,500.0,88
2024-05-21,7,766.4,500.0,90
2024-05-22,7,766.46,500.0,91
2024-05-23,7,798.04,500.0,90
2024-05-24,7,766.68,500.0,92
2024-05-25,7,758.39,500.0,95
2024-05-26,7,723.95,500.0,96
2024-05-27,7,731.2,500.0,92
2024-05-28,7,728.32,500.0,93
2024-05-29,7,732.38,500.0,93
2024-05-30,7,735.44,500.0,92
2024-05-31,7,755.26,500.0,93
2024-06-01,7,766.02,500.0,88
2024-06-02,7,782.63,500.0,93
2024-06-03,7,761.32,500.0,95
2024-06-04,7,785.18,500.0,90
2024-06-05,7,770.74,500.0,91
2024-06-06,7,757.44,500.0,92
2024-06-07,7,762.85,500.0,94
2024-06-08,7,768.89,500.0,91
2024-06-09,7,747.46,500.0,94
2024-06-10,7,743.99,500.0,94
2024-06-11,7,773.75,500.0,96
2024-06-12,7,744.39,500.0,92
2024-06-13,7,774.09,500.0,87
2024-06-14,7,769.26,500.0,89
2024-06-15,7,722.5,500.0,94
2024-06-16,7,695.17,500.0,97
2024-06-17,7,675.9,500.0,95
2024-06-18,7,663.42,500.0,96
2024-06-19,7,661.33,500.0,98
2024-06-20,7,607.26,500.0,98
2024-06-21,7,610.99,500.0,98
2024-06-22,7,589.89,500.0,98
2024-06-23,7,617.7,500.0,100
2024-06-24,7,612.3,500.0,100
2024-06-25,7,631.15,500.0,95
2024-06-26,7,653.36,500.0,97
2024-06-27,7,675.03,500.0,99
2024-06-28,7,663.7,500.0,98
2024-06-29,7,652.12,500.0,96
2024-06-30,7,647.62,500.0,95
2024-07-01,7,660.34,500.0,99
2024-07-02,7,650.13,500.0,98
2024-07-03,7,647.74,500.0,95
2024-07-04,7,653.21,500.0,100
2024-07-05,7,635.12,500.0,95
2024-07-06,7,615.75,500.0,99
2024-07-07,7,612.59,500.0,99
2024-07-08,7,612.07,500.0,100
2024-07-09,7,620.75,500.0,98
2024-07-10,7,634.19,500.0,98
2024-07-11,7,612.21,500.0,97
2024-07-12,7,595.96,500.0,99
2024-07-13,7,576.55,500.0,100
2024-07-14,7,604.8,500.0,98
2024-07-15,7,602.39,500.0,100
2024-01-01,8,951.32,553.32,85
2024-01-02,8,921.11,540.11,82
2024-01-03,8,918.89,544.89,89
2024-01-04,8,921.32,504.32,85
2024-01-05,8,916.65,533.65,90
2024-01-06,8,915.83,500.0,86
2024-01-07,8,907.65,539.65,83
2024-01-08,8,907.28,549.28,86
2024-01-09,8,915.96,500.0,86
2024-01-10,8,924.51,500.0,85
2024-01-11,8,910.73,500.73,86
2024-01-12,8,929.03,568.03,85
2024-01-13,8,932.17,500.0,81
2024-01-14,8,956.81,529.81,80
2024-01-15,8,985.47,581.47,79
2024-01-16,8,956.62,589.62,82
2024-01-17,8,939.44,625.44,83
2024-01-18,8,955.71,500.0,80
2024-01-19,8,922.41,588.41,85
2024-01-20,8,950.81,500.0,83
2024-01-21,8,943.94,630.94,83
2024-01-22,8,955.44,500.0,82
2024-01-23,8,953.11,552.11,82
2024-01-24,8,925.26,526.26,82
2024-01-25,8,946.37,640.37,85
2024-01-26,8,1001.39,672.39,79
2024-01-27,8,991.09,643.09,81
2024-01-28,8,984.64,541.64,84
2024-01-29,8,931.66,521.66,83
2024-01-30,8,958.69,500.0,84
2024-01-31,8,976.92,605.92,82
2024-02-01,8,942.25,563.25,84
2024-02-02,8,900.96,518.96,86
2024-02-03,8,861.97,520.97,87
2024-02-04,8,874.88,558.88,86
2024-02-05,8,889.78,500.0,84
2024-02-06,8,871.31,500.0,87
2024-02-07,8,881.29,575.29,85
2024-02-08,8,884.47,500.0,88
2024-02-09,8,877.13,568.13,83
2024-02-10,8,896.53,563.53,86
2024-02-11,8,872.43,537.43,87
2024-02-12,8,895.38,500.0,86
2024-02-13,8,880.81,575.81,88
2024-02-14,8,916.44,500.0,84
2024-02-15,8,896.34,500.0,86
2024-02-16,8,889.3,500.0,82
2024-02-17,8,890.48,562.48,85
2024-02-18,8,891.52,500.0,87
2024-02-19,8,901.34,500.0,82
2024-02-20,8,875.63,500.0,87
2024-02-21,8,874.88,500.0,85
2024-02-22,8,877.64,500.0,86
2024-02-23,8,867.09,500.0,85
2024-02-24,8,875.17,501.17,84
2024-02-25,8,848.24,523.24,88
2024-02-26,8,841.71,500.0,88
2024-02-27,8,826.65,500.0,90
2024-02-28,8,820.18,500.0,91
2024-02-29,8,849.12,522.12,90
2024-03-01,8,878.45,500.0,86
2024-03-02,8,903.86,529.86,87
2024-03-03,8,894.61,500.0,83
2024-03-04,8,912.77,500.0,86
2024-03-05,8,915.01,538.01,85
2024-03-06,8,915.92,500.0,85
2024-03-07,8,914.38,525.38,85
2024-03-08,8,949.55,500.0,81
2024-03-09,8,976.86,656.86,79
2024-03-10,8,991.76,638.76,84
2024-03-11,8,988.35,505.35,80
2024-03-12,8,989.15,587.15,80
2024-03-13,8,999.76,641.76,78
2024-03-14,8,989.32,618.32,78
2024-03-15,8,1008.09,530.09,79
2024-03-16,8,989.67,670.67,80
2024-03-17,8,997.5,586.5,80
2024-03-18,8,951.71,593.71,83
2024-03-19,8,940.7,570.7,88
2024-03-20,8,982.25,546.25,80
2024-03-21,8,1002.97,594.97,83
2024-03-22,8,1033.68,605.68,82
2024-03-23,8,1020.34,564.34,80
2024-03-24,8,1022.41,532.41,78
2024-03-25,8,1048.05,549.05,75
2024-03-26,8,1060.71,705.71,78
2024-03-27,8,1070.89,575.89,78
2024-03-28,8,1103.5,769.5,78
2024-03-29,8,1082.69,660.69,74
2024-03-30,8,1079.0,649.0,76
2024-03-31,8,1043.92,640.92,76
2024-04-01,8,1022.02,716.02,78
2024-04-02,8,1043.5,717.5,79
2024-04-03,8,1025.16,725.16,77
2024-04-04,8,1039.87,541.87,76
2024-04-05,8,1073.04,602.04,78
2024-04-06,8,1069.48,683.48,77
2024-04-07,8,1079.87,739.87,77
2024-04-08,8,1094.74,672.74,74
2024-04-09,8,1070.31,696.31,79
2024-04-10,8,1057.98,716.98,77
2024-04-11,8,1037.91,621.91,83
2024-04-12,8,1027.17,567.17,79
2024-04-13,8,1041.5,564.5,73
2024-04-14,8,1029.59,667.59,74
2024-04-15,8,1028.89,564.89,80
2024-04-16,8,1008.04,522.04,82
2024-04-17,8,1032.57,606.57,77
2024-04-18,8,1021.67,546.67,83
2024-04-19,8,1052.13,620.13,81
2024-04-20,8,1053.34,706.34,78
2024-04-21,8,1025.2,723.2,80
2024-04-22,8,1021.78,606.78,81
2024-04-23,8,1000.53,526.53,84
2024-04-24,8,1012.32,523.32,81
2024-04-25,8,1007.09,609.09,80
2024-04-26,8,1010.35,595.35,81
2024-04-27,8,1002.97,689.97,81
2024-04-28,8,991.86,501.86,82
2024-04-29,8,972.39,561.39,78
2024-04-30,8,989.11,629.11,81
2024-05-01,8,985.65,527.65,82
2024-05-02,8,979.35,585.35,81
2024-05-03,8,975.39,659.39,83
2024-05-04,8,961.81,538.81,86
2024-05-05,8,955.59,632.59,82
2024-05-06,8,959.7,544.7,83
2024-05-07,8,939.01,500.0,86
2024-05-08,8,921.23,540.23,84
2024-05-09,8,948.79,599.79,81
2024-05-10,8,941.54,563.54,84
2024-05-11,8,930.51,552.51,79
2024-05-12,8,903.63,534.63,80
2024-05-13,8,920.64,594.64,85
2024-05-14,8,899.52,585.52,80
2024-05-15,8,899.22,550.22,82
2024-05-16,8,865.06,530.06,86
2024-05-17,8,881.42,574.42,84
2024-05-18,8,904.96,526.96,84
2024-05-19,8,914.65,500.0,86
2024-05-20,8,883.96,500.0,86
2024-05-21,8,900.73,554.73,83
2024-05-22,8,884.18,500.0,88
2024-05-23,8,860.77,500.0,84
2024-05-24,8,853.1,500.0,88
2024-05-25,8,845.03,500.0,85
2024-05-26,8,834.93,500.0,89
2024-05-27,8,860.4,500.0,86
2024-05-28,8,900.64,588.64,87
2024-05-29,8,873.26,573.26,88
2024-05-30,8,859.48,526.48,86
2024-05-31,8,862.33,500.0,85
2024-06-01,8,854.56,500.0,87
2024-06-02,8,862.55,500.0,91
2024-06-03,8,880.87,500.0,89
2024-06-04,8,895.85,503.85,83
2024-06-05,8,908.05,511.05,86
2024-06-06,8,941.23,560.23,79
2024-06-07,8,909.45,500.0,84
2024-06-08,8,939.05,500.0,81
2024-06-09,8,930.79,500.0,86
2024-06-10,8,946.5,500.0,80
2024-06-11,8,925.9,588.9,85
2024-06-12,8,907.73,594.73,85
2024-06-13,8,920.98,500.0,84
2024-06-14,8,882.4,500.0,89
2024-06-15,8,902.19,549.19,88
2024-06-16,8,927.39,500.0,83
2024-06-17,8,930.94,530.94,83
2024-06-18,8,933.78,545.78,80
2024-06-19,8,917.11,562.11,84
2024-06-20,8,930.6,537.6,87
2024-06-21,8,937.55,545.55,83
2024-06-22,8,919.12,536.12,86
2024-06-23,8,911.29,527.29,82
2024-06-24,8,908.1,500.0,84
2024-06-25,8,900.25,579.25,86
2024-06-26,8,872.99,538.99,87
2024-06-27,8,886.97,571.97,87
2024-06-28,8,882.1,533.1,85
2024-06-29,8,882.41,500.0,82
2024-06-30,8,870.84,500.0,89
2024-07-01,8,880.35,500.0,84
2024-07-02,8,884.32,500.0,87
2024-07-03,8,908.58,592.58,85
2024-07-04,8,918.19,539.19,81
2024-07-05,8,914.13,500.0,86
2024-07-06,8,899.34,500.0,84
2024-07-07,8,916.66,500.0,84
2024-07-08,8,911.01,527.01,84
2024-07-09,8,907.57,500.0,88
2024-07-10,8,904.13,511.13,87
2024-07-11,8,896.1,500.0,82
2024-07-12,8,893.01,513.01,90
2024-07-13,8,931.54,563.54,82
2024-07-14,8,910.58,542.58,89
2024-07-15,8,894.29,500.0,85
2024-01-01,9,993.18,619.18,80
2024-01-02,9,988.24,647.24,75
2024-01-03,9,980.22,515.22,82
2024-01-04,9,1030.71,663.71,79
2024-01-05,9,1029.18,549.18,76
2024-01-06,9,1023.13,691.13,77
2024-01-07,9,1024.67,654.67,77
2024-01-08,9,1005.33,650.33,80
2024-01-09,9,1037.27,633.27,77
2024-01-10,9,1007.85,508.85,81
2024-01-11,9,995.57,595.57,75
2024-01-12,9,1014.3,664.3,78
2024-01-13,9,1015.15,642.15,77
2024-01-14,9,1026.13,556.13,78
2024-01-15,9,1056.8,636.8,76
2024-01-16,9,1076.87,634.87,78
2024-01-17,9,1079.62,614.62,72
2024-01-18,9,1121.41,679.41,74
2024-01-19,9,1108.84,804.84,76
2024-01-20,9,1106.84,724.84,78
2024-01-21,9,1106.23,625.23,74
2024-01-22,9,1104.18,754.18,75
2024-01-23,9,1082.79,773.79,72
2024-01-24,9,1051.12,612.12,73
2024-01-25,9,1059.47,756.47,79
2024-01-26,9,1046.8,652.8,78
2024-01-27,9,1084.95,639.95,78
2024-01-28,9,1083.5,704.5,73
2024-01-29,9,1078.47,743.47,77
2024-01-30,9,1100.36,776.36,79
2024-01-31,9,1108.4,711.4,75
2024-02-01,9,1104.89,641.89,75
2024-02-02,9,1092.08,692.08,75
2024-02-03,9,1165.23,671.23,69
2024-02-04,9,1172.47,864.47,74
2024-02-05,9,1194.16,834.16,69
2024-02-06,9,1173.7,821.7,72
2024-02-07,9,1162.14,717.14,69
2024-02-08,9,1204.38,734.38,67
2024-02-09,9,1232.32,770.32,71
2024-02-10,9,1241.47,879.47,67
2024-02-11,9,1233.84,813.84,71
2024-02-12,9,1229.16,825.16,68
2024-02-13,9,1215.64,912.64,66
2024-02-14,9,1192.5,800.5,72
2024-02-15,9,1210.98,742.98,68
2024-02-16,9,1221.76,749.76,70
2024-02-17,9,1236.48,759.48,68
2024-02-18,9,1229.74,902.74,65
2024-02-19,9,1234.85,765.85,69
2024-02-20,9,1226.21,847.21,73
2024-02-21,9,1211.67,836.67,70
2024-02-22,9,1245.01,830.01,68
2024-02-23,9,1247.44,879.44,70
2024-02-24,9,1257.59,860.59,68
2024-02-25,9,1274.3,974.3,67
2024-02-26,9,1276.98,810.98,64
2024-02-27,9,1281.8,886.8,66
2024-02-28,9,1260.06,944.06,69
2024-02-29,9,1242.14,831.14,66
2024-03-01,9,1223.18,833.18,72
2024-03-02,9,1235.29,848.29,68
2024-03-03,9,1236.71,774.71,66
2024-03-04,9,1218.79,745.79,71
2024-03-05,9,1230.39,761.39,68
2024-03-06,9,1241.26,775.26,69
2024-03-07,9,1227.36,838.36,68
2024-03-08,9,1226.81,878.81,69
2024-03-09,9,1237.75,748.75,69
2024-03-10,9,1220.58,883.58,70
2024-03-11,9,1231.91,781.91,64
2024-03-12,9,1237.93,788.93,66
2024-03-13,9,1217.94,786.94,71
2024-03-14,9,1222.34,746.34,69
2024-03-15,9,1229.65,871.65,67
2024-03-16,9,1217.13,717.13,66
2024-03-17,9,1206.19,839.19,68
2024-03-18,9,1186.02,688.02,67
2024-03-19,9,1177.04,748.04,71
2024-03-20,9,1176.8,828.8,70
2024-03-21,9,1165.91,740.91,70
2024-03-22,9,1136.21,678.21,73
2024-03-23,9,1122.44,712.44,75
2024-03-24,9,1114.09,647.09,78
2024-03-25,9,1130.43,783.43,70
2024-03-26,9,1142.32,792.32,75
2024-03-27,9,1159.05,817.05,74
2024-03-28,9,1144.27,747.27,71
2024-03-29,9,1147.1,665.1,73
2024-03-30,9,1098.64,622.64,74
2024-03-31,9,1107.21,684.21,75
2024-04-01,9,1119.43,740.43,77
2024-04-02,9,1112.4,628.4,76
2024-04-03,9,1118.31,708.31,75
2024-04-04,9,1088.01,646.01,75
2024-04-05,9,1071.99,745.99,73
2024-04-06,9,1087.3,592.3,75
2024-04-07,9,1097.52,606.52,78
2024-04-08,9,1089.29,632.29,72
2024-04-09,9,1105.51,642.51,73
2024-04-10,9,1108.28,614.28,75
2024-04-11,9,1098.19,686.19,73
2024-04-12,9,1094.54,709.54,74
2024-04-13,9,1085.43,672.43,75
2024-04-14,9,1061.75,638.75,74
2024-04-15,9,1086.89,738.89,74
2024-04-16,9,1075.53,700.53,78
2024-04-17,9,1058.88,704.88,74
2024-04-18,9,1028.29,673.29,75
2024-04-19,9,975.57,500.0,80
2024-04-20,9,989.6,595.6,82
2024-04-21,9,1005.48,662.48,79
2024-04-22,9,1029.34,571.34,78
2024-04-23,9,1026.36,541.36,79
2024-04-24,9,1019.92,633.92,76
2024-04-25,9,1009.76,529.76,81
2024-04-26,9,1001.43,618.43,81
2024-04-27,9,1023.83,573.83,78
2024-04-28,9,1023.3,568.3,81
2024-04-29,9,1030.86,715.86,76
2024-04-30,9,1022.02,558.02,81
2024-05-01,9,1048.43,600.43,78
2024-05-02,9,1010.34,566.34,79
2024-05-03,9,985.93,649.93,81
2024-05-04,9,993.52,617.52,80
2024-05-05,9,1028.54,582.54,81
2024-05-06,9,1024.03,567.03,77
2024-05-07,9,1007.19,663.19,78
2024-05-08,9,1027.2,582.2,81
2024-05-09,9,1033.67,672.67,77
2024-05-10,9,1059.48,596.48,79
2024-05-11,9,1033.67,634.67,82
2024-05-12,9,1057.9,706.9,76
2024-05-13,9,1026.93,708.93,80
2024-05-14,9,1021.17,613.17,77
2024-05-15,9,1029.43,686.43,80
2024-05-16,9,1033.15,727.15,79
2024-05-17,9,1054.36,583.36,78
2024-05-18,9,1017.83,601.83,78
2024-05-19,9,1020.65,653.65,76
2024-05-20,9,1044.64,711.64,79
2024-05-21,9,1045.82,552.82,74
2024-05-22,9,1022.98,654.98,78
2024-05-23,9,1043.13,689.13,80
2024-05-24,9,1030.16,721.16,79
2024-05-25,9,1013.68,672.68,83
2024-05-26,9,994.67,654.67,82
2024-05-27,9,990.7,500.0,79
2024-05-28,9,994.36,573.36,80
2024-05-29,9,968.98,531.98,81
2024-05-30,9,947.7,638.7,79
2024-05-31,9,933.82,532.82,81
2024-06-01,9,914.72,500.0,83
2024-06-02,9,915.45,500.0,80
2024-06-03,9,922.68,500.0,84
2024-06-04,9,927.15,500.0,83
2024-06-05,9,931.66,500.0,80
2024-06-06,9,965.08,500.0,83
2024-06-07,9,973.55,582.55,83
2024-06-08,9,989.23,577.23,81
2024-06-09,9,980.94,603.94,80
2024-06-10,9,999.82,615.82,81
2024-06-11,9,990.57,661.57,82
2024-06-12,9,998.8,650.8,81
2024-06-13,9,971.37,663.37,80
2024-06-14,9,974.7,530.7,82
2024-06-15,9,955.19,587.19,85
2024-06-16,9,973.91,616.91,80
2024-06-17,9,991.43,507.43,85
2024-06-18,9,982.1,621.1,80
2024-06-19,9,1023.09,672.09,79
2024-06-20,9,1017.37,529.37,78
2024-06-21,9,985.13,646.13,81
2024-06-22,9,969.55,504.55,78
2024-06-23,9,948.67,500.0,81
2024-06-24,9,956.26,594.26,80
2024-06-25,9,931.55,500.0,84
2024-06-26,9,920.77,571.77,86
2024-06-27,9,927.06,500.0,85
2024-06-28,9,929.83,500.0,79
2024-06-29,9,929.58,552.58,88
2024-06-30,9,932.1,536.1,84
2024-07-01,9,924.69,500.0,82
2024-07-02,9,892.61,550.61,86
2024-07-03,9,884.68,500.0,86
2024-07-04,9,894.05,559.05,84
2024-07-05,9,891.31,500.0,86
2024-07-06,9,899.14,500.0,84
2024-07-07,9,887.41,578.41,85
2024-07-08,9,907.29,513.29,83
2024-07-09,9,856.17,551.17,84
2024-07-10,9,858.99,502.99,87
2024-07-11,9,885.97,500.0,87
2024-07-12,9,915.93,545.93,85
2024-07-13,9,911.29,500.0,86
2024-07-14,9,884.77,564.77,86
2024-07-15,9,912.1,521.1,83
