Try_out/price_demand_dataset_10_products.csv
Date,Product_ID,Market_Price,Base_Price,Quantity_Demanded
2024-01-01,10,1016.79,519.79,80
2024-01-02,10,989.64,572.64,81
2024-01-03,10,971.63,617.63,80
2024-01-04,10,952.35,586.35,83
2024-01-05,10,973.95,533.95,83
2024-01-06,10,992.8,690.8,80
2024-01-07,10,1002.55,677.55,80
2024-01-08,10,1023.99,667.99,78
2024-01-09,10,1006.4,581.4,80
2024-01-10,10,1013.37,562.37,80
2024-01-11,10,1010.87,658.87,78
2024-01-12,10,1027.81,530.81,76
2024-01-13,10,1025.5,683.5,81
2024-01-14,10,1017.8,530.8,80
2024-01-15,10,1028.62,543.62,77
2024-01-16,10,1046.15,698.15,78
2024-01-17,10,1032.78,691.78,75
2024-01-18,10,1031.56,538.56,74
2024-01-19,10,1010.39,700.39,82
2024-01-20,10,960.43,558.43,82
2024-01-21,10,964.44,567.44,82
2024-01-22,10,976.61,531.61,82
2024-01-23,10,981.86,597.86,87
2024-01-24,10,942.86,543.86,85
2024-01-25,10,935.85,532.85,81
2024-01-26,10,891.48,500.0,82
2024-01-27,10,918.87,573.87,86
2024-01-28,10,897.15,554.15,87
2024-01-29,10,922.26,601.26,85
2024-01-30,10,941.18,500.0,81
2024-01-31,10,923.17,500.0,85
2024-02-01,10,900.51,500.0,84
2024-02-02,10,907.52,500.0,86
2024-02-03,10,890.63,500.0,87
2024-02-04,10,892.68,563.68,84
2024-02-05,10,883.03,576.03,88
2024-02-06,10,847.4,500.0,88
2024-02-07,10,802.79,500.0,91
2024-02-08,10,807.33,500.0,87
2024-02-09,10,796.1,500.0,91
2024-02-10,10,785.03,500.0,89
2024-02-11,10,798.95,500.0,91
2024-02-12,10,822.42,500.0,92
2024-02-13,10,816.97,500.0,90
2024-02-14,10,810.16,506.16,88
2024-02-15,10,820.16,500.0,90
2024-02-16,10,793.02,500.0,91
2024-02-17,10,797.48,500.0,94
2024-02-18,10,808.52,500.0,90
2024-02-19,10,822.13,500.0,88
2024-02-20,10,783.39,500.0,92
2024-02-21,10,768.16,500.0,91
2024-02-22,10,750.6,500.0,93
2024-02-23,10,752.6,500.0,91
2024-02-24,10,762.21,500.0,92
2024-02-25,10,792.15,500.0,90
2024-02-26,10,782.25,500.0,91
2024-02-27,10,772.3,500.0,90
2024-02-28,10,795.29,500.0,91
2024-02-29,10,801.22,500.0,88
2024-03-01,10,826.57,500.0,86
2024-03-02,10,832.35,500.35,90
2024-03-03,10,809.21,500.0,91
2024-03-04,10,782.54,500.0,88
2024-03-05,10,751.51,500.0,89
2024-03-06,10,764.75,500.0,90
2024-03-07,10,788.53,500.0,90
2024-03-08,10,825.51,500.51,91
2024-03-09,10,842.38,500.0,88
2024-03-10,10,865.63,554.63,85
2024-03-11,10,854.03,500.0,88
2024-03-12,10,830.9,500.0,88
2024-03-13,10,847.9,500.0,85
2024-03-14,10,856.26,500.0,84
2024-03-15,10,858.41,500.0,84
2024-03-16,10,866.15,500.0,92
2024-03-17,10,872.62,547.62,88
2024-03-18,10,898.29,500.0,84
2024-03-19,10,924.19,603.19,86
2024-03-20,10,935.08,623.08,82
2024-03-21,10,951.99,500.0,85
2024-03-22,10,962.28,502.28,82
2024-03-23,10,953.05,547.05,81
2024-03-24,10,968.18,646.18,83
2024-03-25,10,940.29,544.29,83
2024-03-26,10,961.37,644.37,83
2024-03-27,10,937.48,521.48,84
2024-03-28,10,943.2,614.2,83
2024-03-29,10,926.29,601.29,85
2024-03-30,10,937.36,500.0,88
2024-03-31,10,936.68,598.68,86
2024-04-01,10,904.79,500.0,85
2024-04-02,10,913.2,500.0,84
2024-04-03,10,901.64,500.0,85
2024-04-04,10,919.27,500.0,82
2024-04-05,10,919.29,500.0,85
2024-04-06,10,927.2,500.0,82
2024-04-07,10,908.05,500.0,84
2024-04-08,10,896.26,500.0,87
2024-04-09,10,887.09,542.09,85
2024-04-10,10,904.23,555.23,84
2024-04-11,10,937.77,500.0,81
2024-04-12,10,921.67,516.67,86
2024-04-13,10,943.21,500.0,81
2024-04-14,10,899.81,500.0,84
2024-04-15,10,875.93,500.0,83
2024-04-16,10,856.75,500.0,87
2024-04-17,10,829.7,500.0,88
2024-04-18,10,798.03,500.0,90
2024-04-19,10,806.29,500.0,87
2024-04-20,10,802.01,500.0,91
2024-04-21,10,809.6,500.0,86
2024-04-22,10,823.41,500.0,89
2024-04-23,10,828.72,500.0,89
2024-04-24,10,841.88,536.88,88
2024-04-25,10,840.48,515.48,88
2024-04-26,10,816.74,500.0,91
2024-04-27,10,837.9,500.0,91
2024-04-28,10,826.12,500.0,88
2024-04-29,10,807.41,500.0,88
2024-04-30,10,803.85,500.0,91
2024-05-01,10,785.59,500.0,90
2024-05-02,10,777.24,500.0,94
2024-05-03,10,784.12,500.0,90
2024-05-04,10,791.09,500.0,89
2024-05-05,10,773.14,500.0,92
2024-05-06,10,763.38,500.0,88
2024-05-07,10,784.87,500.0,90
2024-05-08,10,794.8,500.0,90
2024-05-09,10,836.3,500.0,89
2024-05-10,10,859.9,500.0,85
2024-05-11,10,882.79,574.79,84
2024-05-12,10,855.03,500.0,90
2024-05-13,10,870.31,519.31,86
2024-05-14,10,869.24,500.0,88
2024-05-15,10,858.22,500.0,86
2024-05-16,10,861.58,549.58,87
2024-05-17,10,880.49,530.49,86
2024-05-18,10,890.5,500.0,89
2024-05-19,10,872.94,539.94,86
2024-05-20,10,887.78,553.78,85
2024-05-21,10,875.03,500.0,88
2024-05-22,10,879.37,500.0,85
2024-05-23,10,873.3,500.0,87
2024-05-24,10,868.92,500.0,89
2024-05-25,10,884.25,500.0,85
2024-05-26,10,863.44,500.0,88
2024-05-27,10,902.35,500.0,88
2024-05-28,10,865.93,500.0,89
2024-05-29,10,853.97,500.0,88
2024-05-30,10,861.38,500.0,86
2024-05-31,10,873.06,500.0,85
2024-06-01,10,871.05,500.0,84
2024-06-02,10,869.9,503.9,90
2024-06-03,10,878.12,500.0,89
2024-06-04,10,873.49,500.0,85
2024-06-05,10,901.36,508.36,86
2024-06-06,10,918.15,500.0,84
2024-06-07,10,935.6,500.0,86
2024-06-08,10,916.28,500.0,85
2024-06-09,10,914.69,524.69,84
2024-06-10,10,908.68,517.68,83
2024-06-11,10,888.57,526.57,86
2024-06-12,10,895.77,567.77,85
2024-06-13,10,885.02,574.02,86
2024-06-14,10,898.13,522.13,85
2024-06-15,10,876.72,536.72,85
2024-06-16,10,911.1,500.0,82
2024-06-17,10,893.18,557.18,86
2024-06-18,10,897.56,500.0,85
2024-06-19,10,913.4,500.0,88
2024-06-20,10,901.99,578.99,83
2024-06-21,10,919.04,521.04,85
2024-06-22,10,894.45,500.0,85
2024-06-23,10,923.5,524.5,88
2024-06-24,10,923.78,500.0,85
2024-06-25,10,911.85,554.85,85
2024-06-26,10,905.87,500.0,85
2024-06-27,10,922.05,594.05,82
2024-06-28,10,910.36,500.0,85
2024-06-29,10,895.37,500.0,82
2024-06-30,10,890.94,531.94,83
2024-07-01,10,867.4,500.0,89
2024-07-02,10,903.81,562.81,81
2024-07-03,10,892.48,550.48,85
2024-07-04,10,909.12,536.12,82
2024-07-05,10,913.3,500.0,84
2024-07-06,10,893.61,500.0,86
2024-07-07,10,893.49,500.0,87
2024-07-08,10,909.17,546.17,87
2024-07-09,10,905.41,604.41,83
2024-07-10,10,929.27,500.0,83
2024-07-11,10,949.7,584.7,91
2024-07-12,10,968.08,503.08,81
2024-07-13,10,958.89,628.89,80
2024-07-14,10,937.29,523.29,82
2024-07-15,10,925.02,600.02,83
